WARNING: A restricted method in java.lang.System has been called
WARNING: java.lang.System::load has been called by net.rubygrapefruit.platform.internal.NativeLibraryLoader in an unnamed module (file:/C:/Users/rober/.gradle/wrapper/dists/gradle-9.6.1-bin/4ticwg1pgcbps2hj28r8so764/gradle-9.6.1/lib/native-platform-0.22-milestone-29.jar)
WARNING: Use --enable-native-access=ALL-UNNAMED to avoid a warning for callers in this module
WARNING: Restricted methods will be blocked in a future release unless native access is enabled


FAILURE: Build failed with an exception.

* Where:
Build file 'C:\Users\rober\Coding\Chill\FabricIronFurnaces\build.gradle' line: 52

* What went wrong:
A problem occurred evaluating root project 'FabricIronFurnaces'.
> Could not find method modImplementation() for arguments [net.fabricmc:fabric-loader:0.19.3] on object of type org.gradle.api.internal.artifacts.dsl.dependencies.DefaultDependencyHandler.

* Try:
> Run with --stacktrace option to get the stack trace.
> Run with --info or --debug option to get more log output.
> Run with --scan to get full insights from a Build Scan (powered by Develocity).
> Get more help at https://help.gradle.org.

BUILD FAILED in 492ms
